redis 入门命令

C:\Windows\System32>redis-cli
127.0.0.1:6379> select 1
OK
127.0.0.1:6379[1]> select2
(error) ERR unknown command 'select2'
127.0.0.1:6379[1]> select 2
OK
127.0.0.1:6379[2]> select 0
OK
127.0.0.1:6379> flushdb
OK
127.0.0.1:6379> set test:count 1
OK
127.0.0.1:6379> get test:count
"1"
127.0.0.1:6379> incr test:count
(integer) 2
127.0.0.1:6379> decr test:count
(integer) 1
127.0.0.1:6379> hset test:user id 1
(integer) 1
127.0.0.1:6379> hset test:user username zhangsan
(integer) 1
127.0.0.1:6379> hget test:user id
"1"
127.0.0.1:6379> hget test:user username
"zhangsan"
127.0.0.1:6379> lpush test:ids 101 102 103
(integer) 3
127.0.0.1:6379> llen test:ids
(integer) 3
127.0.0.1:6379> lindex test:ids 0
"103"
127.0.0.1:6379> lindex test:ids 2
"101"
127.0.0.1:6379> lrange test:ids 0 2
1) "103"
2) "102"
3) "101"
127.0.0.1:6379> rpop test:ids
"101"
127.0.0.1:6379> rpop test:ids
"102"
127.0.0.1:6379> sadd test:teachers aaa bbb ccc ddd eee
(integer) 5
127.0.0.1:6379> scard test:teachers
(integer) 5
127.0.0.1:6379> spop test:teachers
"bbb"
127.0.0.1:6379> spop test:teachers
"ccc"
127.0.0.1:6379> smembers test:teachers
1) "eee"
2) "aaa"
3) "ddd"
127.0.0.1:6379> zadd test:students 10 aaa 20 bbb 30 ccc 40 ddd 50 eee
(integer) 5
127.0.0.1:6379> zcard test:student
(integer) 0
127.0.0.1:6379> zcard test:students
(integer) 5
127.0.0.1:6379> zscore test:students ccc
"30"
127.0.0.1:6379> zrank test:stidents ccc
(nil)
127.0.0.1:6379> zrank test:students ccc
(integer) 2
127.0.0.1:6379> zrange test:students 0 2
1) "aaa"
2) "bbb"
3) "ccc"
127.0.0.1:6379> keys *
1) "test:ids"
2) "test:count"
3) "test:teachers"
4) "test:students"
5) "test:user"
127.0.0.1:6379> keys test
(empty list or set)
127.0.0.1:6379> keys test*
1) "test:ids"
2) "test:count"
3) "test:teachers"
4) "test:students"
5) "test:user"
127.0.0.1:6379> type test:user
hash
127.0.0.1:6379> exists test:user
(integer) 1
127.0.0.1:6379> del test:user
(integer) 1
127.0.0.1:6379> exists test:user
(integer) 0
127.0.0.1:6379> expire test:students 10
(integer) 1
127.0.0.1:6379> keys *
1) "test:ids"
2) "test:count"
3) "test:teachers"
4) "test:students"
127.0.0.1:6379> key *
(error) ERR unknown command 'key'
127.0.0.1:6379> keys *
1) "test:ids"
2) "test:count"
3) "test:teachers"
127.0.0.1:6379>